#! /usr/bin/vvp
:ivl_version "10.1 (stable)";
:ivl_delay_selection "TYPICAL";
:vpi_time_precision + 0;
:vpi_module "system";
:vpi_module "vhdl_sys";
:vpi_module "v2005_math";
:vpi_module "va_math";
S_0x7fffc5db2250 .scope module, "test_wta" "test_wta" 2 3;
 .timescale 0 0;
P_0x7fffc5d9add0 .param/l "dut_Q" 1 2 8, +C4<00000000000000000000000000000100>;
v0x7fffc5de2510_0 .var "dut_aclk", 0 0;
v0x7fffc5de25f0_0 .var "dut_ec_spikes", 3 0;
v0x7fffc5de26b0_0 .var "dut_grst", 0 0;
v0x7fffc5de2780_0 .net "dut_li_out", 3 0, L_0x7fffc5de4930;  1 drivers
v0x7fffc5de2850_0 .var/i "i", 31 0;
E_0x7fffc5d9a450 .event edge, v0x7fffc5daa350_0;
S_0x7fffc5dafe60 .scope module, "dut" "wta" 2 15, 2 97 0, S_0x7fffc5db2250;
 .timescale 0 0;
    .port_info 0 /INPUT 4 "ec_spikes"
    .port_info 1 /INPUT 1 "aclk"
    .port_info 2 /INPUT 1 "grst"
    .port_info 3 /OUTPUT 4 "li_out"
P_0x7fffc5db0ab0 .param/l "Q" 0 2 99, +C4<00000000000000000000000000000100>;
L_0x7fffc5de42b0 .functor NOT 1, L_0x7fffc5de4210, C4<0>, C4<0>, C4<0>;
L_0x7fffc5de4370 .functor AND 1, L_0x7fffc5de4080, L_0x7fffc5de42b0, C4<1>, C4<1>;
L_0x7fffc5de4730 .functor NOT 1, L_0x7fffc5de4620, C4<0>, C4<0>, C4<0>;
L_0x7fffc5de47f0 .functor AND 1, L_0x7fffc5de4480, L_0x7fffc5de4730, C4<1>, C4<1>;
L_0x7fffc5de46c0 .functor NOT 1, L_0x7fffc5de4de0, C4<0>, C4<0>, C4<0>;
L_0x7fffc5de4fb0 .functor AND 1, L_0x7fffc5de4b10, L_0x7fffc5de46c0, C4<1>, C4<1>;
v0x7fffc5de0660_0 .net *"_s20", 0 0, L_0x7fffc5de3f50;  1 drivers
v0x7fffc5de0760_0 .net *"_s24", 0 0, L_0x7fffc5de4080;  1 drivers
v0x7fffc5de0840_0 .net *"_s26", 0 0, L_0x7fffc5de4120;  1 drivers
v0x7fffc5de0900_0 .net *"_s28", 0 0, L_0x7fffc5de4210;  1 drivers
v0x7fffc5de09c0_0 .net *"_s29", 0 0, L_0x7fffc5de42b0;  1 drivers
v0x7fffc5de0af0_0 .net *"_s31", 0 0, L_0x7fffc5de4370;  1 drivers
v0x7fffc5de0bd0_0 .net *"_s36", 0 0, L_0x7fffc5de4480;  1 drivers
v0x7fffc5de0cb0_0 .net *"_s38", 1 0, L_0x7fffc5de4580;  1 drivers
v0x7fffc5de0d90_0 .net *"_s40", 0 0, L_0x7fffc5de4620;  1 drivers
v0x7fffc5de0e50_0 .net *"_s41", 0 0, L_0x7fffc5de4730;  1 drivers
v0x7fffc5de0f30_0 .net *"_s43", 0 0, L_0x7fffc5de47f0;  1 drivers
v0x7fffc5de1010_0 .net *"_s49", 0 0, L_0x7fffc5de4b10;  1 drivers
v0x7fffc5de10f0_0 .net *"_s51", 2 0, L_0x7fffc5de4c30;  1 drivers
v0x7fffc5de11d0_0 .net *"_s53", 0 0, L_0x7fffc5de4de0;  1 drivers
v0x7fffc5de1290_0 .net *"_s54", 0 0, L_0x7fffc5de46c0;  1 drivers
v0x7fffc5de1370_0 .net *"_s56", 0 0, L_0x7fffc5de4fb0;  1 drivers
v0x7fffc5de1450_0 .net "aclk", 0 0, v0x7fffc5de2510_0;  1 drivers
v0x7fffc5de1620_0 .net "ec_spikes", 3 0, v0x7fffc5de25f0_0;  1 drivers
o0x7fe0fd1f1128 .functor BUFZ 1, C4<z>; HiZ drive
v0x7fffc5de1700_0 .net "first_spike", 0 0, o0x7fe0fd1f1128;  0 drivers
v0x7fffc5de17a0_0 .net "first_spike_edge", 0 0, L_0x7fffc5de2910;  1 drivers
v0x7fffc5de1840_0 .net "grst", 0 0, v0x7fffc5de26b0_0;  1 drivers
o0x7fe0fd1f0258 .functor BUFZ 1, C4<z>; HiZ drive
v0x7fffc5de18e0_0 .net "l1_0_edge_out", 0 0, o0x7fe0fd1f0258;  0 drivers
v0x7fffc5de19d0_0 .var "l1_0_grst", 0 0;
v0x7fffc5de1aa0_0 .var "l1_0_pulse_in", 0 0;
o0x7fe0fd1f06a8 .functor BUFZ 1, C4<z>; HiZ drive
v0x7fffc5de1b70_0 .net "l1_1_edge_out", 0 0, o0x7fe0fd1f06a8;  0 drivers
v0x7fffc5de1c40_0 .var "l1_1_grst", 0 0;
v0x7fffc5de1d10_0 .var "l1_1_pulse_in", 0 0;
o0x7fe0fd1f0ac8 .functor BUFZ 1, C4<z>; HiZ drive
v0x7fffc5de1de0_0 .net "l1_2_edge_out", 0 0, o0x7fe0fd1f0ac8;  0 drivers
v0x7fffc5de1eb0_0 .var "l1_2_grst", 0 0;
v0x7fffc5de1f80_0 .var "l1_2_pulse_in", 0 0;
o0x7fe0fd1f0ee8 .functor BUFZ 1, C4<z>; HiZ drive
v0x7fffc5de2050_0 .net "l1_3_edge_out", 0 0, o0x7fe0fd1f0ee8;  0 drivers
v0x7fffc5de2120_0 .var "l1_3_grst", 0 0;
v0x7fffc5de21f0_0 .var "l1_3_pulse_in", 0 0;
v0x7fffc5de22c0_0 .net "li_out", 3 0, L_0x7fffc5de4930;  alias, 1 drivers
v0x7fffc5de2380_0 .net "temp", 3 0, L_0x7fffc5de3d70;  1 drivers
L_0x7fffc5de2e70 .part v0x7fffc5de25f0_0, 0, 1;
L_0x7fffc5de3390 .part v0x7fffc5de25f0_0, 1, 1;
L_0x7fffc5de3840 .part v0x7fffc5de25f0_0, 2, 1;
L_0x7fffc5de3ca0 .part v0x7fffc5de25f0_0, 3, 1;
L_0x7fffc5de3d70 .concat8 [ 1 1 1 1], L_0x7fffc5de2d00, L_0x7fffc5de3250, L_0x7fffc5de3700, L_0x7fffc5de3b60;
L_0x7fffc5de3f50 .part L_0x7fffc5de3d70, 0, 1;
L_0x7fffc5de4080 .part L_0x7fffc5de3d70, 1, 1;
L_0x7fffc5de4120 .part L_0x7fffc5de3d70, 0, 1;
L_0x7fffc5de4210 .reduce/or L_0x7fffc5de4120;
L_0x7fffc5de4480 .part L_0x7fffc5de3d70, 2, 1;
L_0x7fffc5de4580 .part L_0x7fffc5de3d70, 0, 2;
L_0x7fffc5de4620 .reduce/or L_0x7fffc5de4580;
L_0x7fffc5de4930 .concat8 [ 1 1 1 1], L_0x7fffc5de3f50, L_0x7fffc5de4370, L_0x7fffc5de47f0, L_0x7fffc5de4fb0;
L_0x7fffc5de4b10 .part L_0x7fffc5de3d70, 3, 1;
L_0x7fffc5de4c30 .part L_0x7fffc5de3d70, 0, 3;
L_0x7fffc5de4de0 .reduce/or L_0x7fffc5de4c30;
S_0x7fffc5dae950 .scope module, "l1_0" "less_equal" 2 127, 2 223 0, S_0x7fffc5dafe60;
 .timescale 0 0;
    .port_info 0 /INPUT 1 "data_in"
    .port_info 1 /INPUT 1 "inhibit_in"
    .port_info 2 /INPUT 1 "aclk"
    .port_info 3 /INPUT 1 "rst"
    .port_info 4 /OUTPUT 1 "out"
    .port_info 5 /INPUT 1 "pulse_in"
    .port_info 6 /INPUT 1 "grst"
    .port_info 7 /OUTPUT 1 "edge_out"
L_0x7fffc5de2b20 .functor NOT 1, L_0x7fffc5de2e70, C4<0>, C4<0>, C4<0>;
L_0x7fffc5de2bb0 .functor AND 1, L_0x7fffc5de2b20, L_0x7fffc5de2910, C4<1>, C4<1>;
L_0x7fffc5de2c70 .functor NOT 1, L_0x7fffc5de29f0, C4<0>, C4<0>, C4<0>;
L_0x7fffc5de2d00 .functor AND 1, L_0x7fffc5de2e70, L_0x7fffc5de2c70, C4<1>, C4<1>;
v0x7fffc5dad370_0 .net *"_s0", 0 0, L_0x7fffc5de2b20;  1 drivers
v0x7fffc5dad470_0 .net *"_s4", 0 0, L_0x7fffc5de2c70;  1 drivers
v0x7fffc5ddb2f0_0 .net "aclk", 0 0, v0x7fffc5de2510_0;  alias, 1 drivers
v0x7fffc5ddb3c0_0 .net "data_in", 0 0, L_0x7fffc5de2e70;  1 drivers
v0x7fffc5ddb480_0 .net "edge_out", 0 0, o0x7fe0fd1f0258;  alias, 0 drivers
v0x7fffc5ddb5b0_0 .net "grst", 0 0, v0x7fffc5de19d0_0;  1 drivers
v0x7fffc5ddb690_0 .net "inhibit_in", 0 0, L_0x7fffc5de2910;  alias, 1 drivers
v0x7fffc5ddb770_0 .net "out", 0 0, L_0x7fffc5de2d00;  1 drivers
v0x7fffc5ddb850_0 .net "pulse_in", 0 0, v0x7fffc5de1aa0_0;  1 drivers
v0x7fffc5ddb930_0 .net "rst", 0 0, v0x7fffc5de26b0_0;  alias, 1 drivers
v0x7fffc5ddb9f0_0 .net "temp1", 0 0, L_0x7fffc5de2bb0;  1 drivers
v0x7fffc5ddbac0_0 .net "temp2", 0 0, L_0x7fffc5de29f0;  1 drivers
S_0x7fffc5db3130 .scope module, "pulse_inst" "pulse2edge" 2 239, 2 199 0, S_0x7fffc5dae950;
 .timescale 0 0;
    .port_info 0 /INPUT 1 "aclk"
    .port_info 1 /INPUT 1 "pulse_in"
    .port_info 2 /INPUT 1 "grst"
    .port_info 3 /OUTPUT 1 "edge_out"
L_0x7fffc5de29f0 .functor OR 1, L_0x7fffc5de2bb0, v0x7fffc5daf860_0, C4<0>, C4<0>;
v0x7fffc5daa350_0 .net "aclk", 0 0, v0x7fffc5de2510_0;  alias, 1 drivers
v0x7fffc5db1b50_0 .net "edge_out", 0 0, L_0x7fffc5de29f0;  alias, 1 drivers
v0x7fffc5db1c50_0 .net "grst", 0 0, v0x7fffc5de26b0_0;  alias, 1 drivers
v0x7fffc5daf760_0 .net "pulse_in", 0 0, L_0x7fffc5de2bb0;  alias, 1 drivers
v0x7fffc5daf860_0 .var "temp", 0 0;
E_0x7fffc5d99af0 .event posedge, v0x7fffc5db1c50_0, v0x7fffc5daa350_0;
S_0x7fffc5ddbc70 .scope module, "l1_1" "less_equal" 2 144, 2 223 0, S_0x7fffc5dafe60;
 .timescale 0 0;
    .port_info 0 /INPUT 1 "data_in"
    .port_info 1 /INPUT 1 "inhibit_in"
    .port_info 2 /INPUT 1 "aclk"
    .port_info 3 /INPUT 1 "rst"
    .port_info 4 /OUTPUT 1 "out"
    .port_info 5 /INPUT 1 "pulse_in"
    .port_info 6 /INPUT 1 "grst"
    .port_info 7 /OUTPUT 1 "edge_out"
L_0x7fffc5de3070 .functor NOT 1, L_0x7fffc5de3390, C4<0>, C4<0>, C4<0>;
L_0x7fffc5de3100 .functor AND 1, L_0x7fffc5de3070, L_0x7fffc5de2910, C4<1>, C4<1>;
L_0x7fffc5de31c0 .functor NOT 1, L_0x7fffc5de2f60, C4<0>, C4<0>, C4<0>;
L_0x7fffc5de3250 .functor AND 1, L_0x7fffc5de3390, L_0x7fffc5de31c0, C4<1>, C4<1>;
v0x7fffc5ddc730_0 .net *"_s0", 0 0, L_0x7fffc5de3070;  1 drivers
v0x7fffc5ddc830_0 .net *"_s4", 0 0, L_0x7fffc5de31c0;  1 drivers
v0x7fffc5ddc910_0 .net "aclk", 0 0, v0x7fffc5de2510_0;  alias, 1 drivers
v0x7fffc5ddc9b0_0 .net "data_in", 0 0, L_0x7fffc5de3390;  1 drivers
v0x7fffc5ddca90_0 .net "edge_out", 0 0, o0x7fe0fd1f06a8;  alias, 0 drivers
v0x7fffc5ddcbc0_0 .net "grst", 0 0, v0x7fffc5de1c40_0;  1 drivers
v0x7fffc5ddcca0_0 .net "inhibit_in", 0 0, L_0x7fffc5de2910;  alias, 1 drivers
v0x7fffc5ddcd60_0 .net "out", 0 0, L_0x7fffc5de3250;  1 drivers
v0x7fffc5ddce20_0 .net "pulse_in", 0 0, v0x7fffc5de1d10_0;  1 drivers
v0x7fffc5ddcf90_0 .net "rst", 0 0, v0x7fffc5de26b0_0;  alias, 1 drivers
v0x7fffc5ddd050_0 .net "temp1", 0 0, L_0x7fffc5de3100;  1 drivers
v0x7fffc5ddd110_0 .net "temp2", 0 0, L_0x7fffc5de2f60;  1 drivers
S_0x7fffc5ddbf30 .scope module, "pulse_inst" "pulse2edge" 2 239, 2 199 0, S_0x7fffc5ddbc70;
 .timescale 0 0;
    .port_info 0 /INPUT 1 "aclk"
    .port_info 1 /INPUT 1 "pulse_in"
    .port_info 2 /INPUT 1 "grst"
    .port_info 3 /OUTPUT 1 "edge_out"
L_0x7fffc5de2f60 .functor OR 1, L_0x7fffc5de3100, v0x7fffc5ddc580_0, C4<0>, C4<0>;
v0x7fffc5ddc1a0_0 .net "aclk", 0 0, v0x7fffc5de2510_0;  alias, 1 drivers
v0x7fffc5ddc2d0_0 .net "edge_out", 0 0, L_0x7fffc5de2f60;  alias, 1 drivers
v0x7fffc5ddc3b0_0 .net "grst", 0 0, v0x7fffc5de26b0_0;  alias, 1 drivers
v0x7fffc5ddc4a0_0 .net "pulse_in", 0 0, L_0x7fffc5de3100;  alias, 1 drivers
v0x7fffc5ddc580_0 .var "temp", 0 0;
S_0x7fffc5ddd2c0 .scope module, "l1_2" "less_equal" 2 161, 2 223 0, S_0x7fffc5dafe60;
 .timescale 0 0;
    .port_info 0 /INPUT 1 "data_in"
    .port_info 1 /INPUT 1 "inhibit_in"
    .port_info 2 /INPUT 1 "aclk"
    .port_info 3 /INPUT 1 "rst"
    .port_info 4 /OUTPUT 1 "out"
    .port_info 5 /INPUT 1 "pulse_in"
    .port_info 6 /INPUT 1 "grst"
    .port_info 7 /OUTPUT 1 "edge_out"
L_0x7fffc5de3540 .functor NOT 1, L_0x7fffc5de3840, C4<0>, C4<0>, C4<0>;
L_0x7fffc5de35b0 .functor AND 1, L_0x7fffc5de3540, L_0x7fffc5de2910, C4<1>, C4<1>;
L_0x7fffc5de3670 .functor NOT 1, L_0x7fffc5de3430, C4<0>, C4<0>, C4<0>;
L_0x7fffc5de3700 .functor AND 1, L_0x7fffc5de3840, L_0x7fffc5de3670, C4<1>, C4<1>;
v0x7fffc5ddddf0_0 .net *"_s0", 0 0, L_0x7fffc5de3540;  1 drivers
v0x7fffc5dddef0_0 .net *"_s4", 0 0, L_0x7fffc5de3670;  1 drivers
v0x7fffc5dddfd0_0 .net "aclk", 0 0, v0x7fffc5de2510_0;  alias, 1 drivers
v0x7fffc5dde070_0 .net "data_in", 0 0, L_0x7fffc5de3840;  1 drivers
v0x7fffc5dde150_0 .net "edge_out", 0 0, o0x7fe0fd1f0ac8;  alias, 0 drivers
v0x7fffc5dde230_0 .net "grst", 0 0, v0x7fffc5de1eb0_0;  1 drivers
v0x7fffc5dde310_0 .net "inhibit_in", 0 0, L_0x7fffc5de2910;  alias, 1 drivers
v0x7fffc5dde420_0 .net "out", 0 0, L_0x7fffc5de3700;  1 drivers
v0x7fffc5dde500_0 .net "pulse_in", 0 0, v0x7fffc5de1f80_0;  1 drivers
v0x7fffc5dde670_0 .net "rst", 0 0, v0x7fffc5de26b0_0;  alias, 1 drivers
v0x7fffc5dde730_0 .net "temp1", 0 0, L_0x7fffc5de35b0;  1 drivers
v0x7fffc5dde7f0_0 .net "temp2", 0 0, L_0x7fffc5de3430;  1 drivers
S_0x7fffc5ddd590 .scope module, "pulse_inst" "pulse2edge" 2 239, 2 199 0, S_0x7fffc5ddd2c0;
 .timescale 0 0;
    .port_info 0 /INPUT 1 "aclk"
    .port_info 1 /INPUT 1 "pulse_in"
    .port_info 2 /INPUT 1 "grst"
    .port_info 3 /OUTPUT 1 "edge_out"
L_0x7fffc5de3430 .functor OR 1, L_0x7fffc5de35b0, v0x7fffc5dddc90_0, C4<0>, C4<0>;
v0x7fffc5ddd800_0 .net "aclk", 0 0, v0x7fffc5de2510_0;  alias, 1 drivers
v0x7fffc5ddd970_0 .net "edge_out", 0 0, L_0x7fffc5de3430;  alias, 1 drivers
v0x7fffc5ddda50_0 .net "grst", 0 0, v0x7fffc5de26b0_0;  alias, 1 drivers
v0x7fffc5dddbb0_0 .net "pulse_in", 0 0, L_0x7fffc5de35b0;  alias, 1 drivers
v0x7fffc5dddc90_0 .var "temp", 0 0;
S_0x7fffc5dde970 .scope module, "l1_3" "less_equal" 2 178, 2 223 0, S_0x7fffc5dafe60;
 .timescale 0 0;
    .port_info 0 /INPUT 1 "data_in"
    .port_info 1 /INPUT 1 "inhibit_in"
    .port_info 2 /INPUT 1 "aclk"
    .port_info 3 /INPUT 1 "rst"
    .port_info 4 /OUTPUT 1 "out"
    .port_info 5 /INPUT 1 "pulse_in"
    .port_info 6 /INPUT 1 "grst"
    .port_info 7 /OUTPUT 1 "edge_out"
L_0x7fffc5de39a0 .functor NOT 1, L_0x7fffc5de3ca0, C4<0>, C4<0>, C4<0>;
L_0x7fffc5de3a10 .functor AND 1, L_0x7fffc5de39a0, L_0x7fffc5de2910, C4<1>, C4<1>;
L_0x7fffc5de3ad0 .functor NOT 1, L_0x7fffc5de38e0, C4<0>, C4<0>, C4<0>;
L_0x7fffc5de3b60 .functor AND 1, L_0x7fffc5de3ca0, L_0x7fffc5de3ad0, C4<1>, C4<1>;
v0x7fffc5ddf3c0_0 .net *"_s0", 0 0, L_0x7fffc5de39a0;  1 drivers
v0x7fffc5ddf4c0_0 .net *"_s4", 0 0, L_0x7fffc5de3ad0;  1 drivers
v0x7fffc5ddf5a0_0 .net "aclk", 0 0, v0x7fffc5de2510_0;  alias, 1 drivers
v0x7fffc5ddf640_0 .net "data_in", 0 0, L_0x7fffc5de3ca0;  1 drivers
v0x7fffc5ddf720_0 .net "edge_out", 0 0, o0x7fe0fd1f0ee8;  alias, 0 drivers
v0x7fffc5ddf850_0 .net "grst", 0 0, v0x7fffc5de2120_0;  1 drivers
v0x7fffc5ddf930_0 .net "inhibit_in", 0 0, L_0x7fffc5de2910;  alias, 1 drivers
v0x7fffc5ddf9f0_0 .net "out", 0 0, L_0x7fffc5de3b60;  1 drivers
v0x7fffc5ddfad0_0 .net "pulse_in", 0 0, v0x7fffc5de21f0_0;  1 drivers
v0x7fffc5ddfc40_0 .net "rst", 0 0, v0x7fffc5de26b0_0;  alias, 1 drivers
v0x7fffc5ddfd00_0 .net "temp1", 0 0, L_0x7fffc5de3a10;  1 drivers
v0x7fffc5ddfdc0_0 .net "temp2", 0 0, L_0x7fffc5de38e0;  1 drivers
S_0x7fffc5ddec10 .scope module, "pulse_inst" "pulse2edge" 2 239, 2 199 0, S_0x7fffc5dde970;
 .timescale 0 0;
    .port_info 0 /INPUT 1 "aclk"
    .port_info 1 /INPUT 1 "pulse_in"
    .port_info 2 /INPUT 1 "grst"
    .port_info 3 /OUTPUT 1 "edge_out"
L_0x7fffc5de38e0 .functor OR 1, L_0x7fffc5de3a10, v0x7fffc5ddf210_0, C4<0>, C4<0>;
v0x7fffc5ddeea0_0 .net "aclk", 0 0, v0x7fffc5de2510_0;  alias, 1 drivers
v0x7fffc5ddef80_0 .net "edge_out", 0 0, L_0x7fffc5de38e0;  alias, 1 drivers
v0x7fffc5ddf060_0 .net "grst", 0 0, v0x7fffc5de26b0_0;  alias, 1 drivers
v0x7fffc5ddf130_0 .net "pulse_in", 0 0, L_0x7fffc5de3a10;  alias, 1 drivers
v0x7fffc5ddf210_0 .var "temp", 0 0;
S_0x7fffc5ddff70 .scope module, "pulse_inst" "pulse2edge" 2 114, 2 199 0, S_0x7fffc5dafe60;
 .timescale 0 0;
    .port_info 0 /INPUT 1 "aclk"
    .port_info 1 /INPUT 1 "pulse_in"
    .port_info 2 /INPUT 1 "grst"
    .port_info 3 /OUTPUT 1 "edge_out"
L_0x7fffc5de2910 .functor OR 1, o0x7fe0fd1f1128, v0x7fffc5de0500_0, C4<0>, C4<0>;
v0x7fffc5de01b0_0 .net "aclk", 0 0, v0x7fffc5de2510_0;  alias, 1 drivers
v0x7fffc5de0290_0 .net "edge_out", 0 0, L_0x7fffc5de2910;  alias, 1 drivers
v0x7fffc5de0350_0 .net "grst", 0 0, v0x7fffc5de26b0_0;  alias, 1 drivers
v0x7fffc5de0420_0 .net "pulse_in", 0 0, o0x7fe0fd1f1128;  alias, 0 drivers
v0x7fffc5de0500_0 .var "temp", 0 0;
    .scope S_0x7fffc5ddff70;
T_0 ;
    %wait E_0x7fffc5d99af0;
    %load/vec4 v0x7fffc5de0350_0;
    %flag_set/vec4 8;
    %jmp/0xz  T_0.0, 8;
    %pushi/vec4 0, 0, 1;
    %assign/vec4 v0x7fffc5de0500_0, 0;
    %jmp T_0.1;
T_0.0 ;
    %load/vec4 v0x7fffc5de0290_0;
    %assign/vec4 v0x7fffc5de0500_0, 0;
T_0.1 ;
    %jmp T_0;
    .thread T_0;
    .scope S_0x7fffc5db3130;
T_1 ;
    %wait E_0x7fffc5d99af0;
    %load/vec4 v0x7fffc5db1c50_0;
    %flag_set/vec4 8;
    %jmp/0xz  T_1.0, 8;
    %pushi/vec4 0, 0, 1;
    %assign/vec4 v0x7fffc5daf860_0, 0;
    %jmp T_1.1;
T_1.0 ;
    %load/vec4 v0x7fffc5db1b50_0;
    %assign/vec4 v0x7fffc5daf860_0, 0;
T_1.1 ;
    %jmp T_1;
    .thread T_1;
    .scope S_0x7fffc5ddbf30;
T_2 ;
    %wait E_0x7fffc5d99af0;
    %load/vec4 v0x7fffc5ddc3b0_0;
    %flag_set/vec4 8;
    %jmp/0xz  T_2.0, 8;
    %pushi/vec4 0, 0, 1;
    %assign/vec4 v0x7fffc5ddc580_0, 0;
    %jmp T_2.1;
T_2.0 ;
    %load/vec4 v0x7fffc5ddc2d0_0;
    %assign/vec4 v0x7fffc5ddc580_0, 0;
T_2.1 ;
    %jmp T_2;
    .thread T_2;
    .scope S_0x7fffc5ddd590;
T_3 ;
    %wait E_0x7fffc5d99af0;
    %load/vec4 v0x7fffc5ddda50_0;
    %flag_set/vec4 8;
    %jmp/0xz  T_3.0, 8;
    %pushi/vec4 0, 0, 1;
    %assign/vec4 v0x7fffc5dddc90_0, 0;
    %jmp T_3.1;
T_3.0 ;
    %load/vec4 v0x7fffc5ddd970_0;
    %assign/vec4 v0x7fffc5dddc90_0, 0;
T_3.1 ;
    %jmp T_3;
    .thread T_3;
    .scope S_0x7fffc5ddec10;
T_4 ;
    %wait E_0x7fffc5d99af0;
    %load/vec4 v0x7fffc5ddf060_0;
    %flag_set/vec4 8;
    %jmp/0xz  T_4.0, 8;
    %pushi/vec4 0, 0, 1;
    %assign/vec4 v0x7fffc5ddf210_0, 0;
    %jmp T_4.1;
T_4.0 ;
    %load/vec4 v0x7fffc5ddef80_0;
    %assign/vec4 v0x7fffc5ddf210_0, 0;
T_4.1 ;
    %jmp T_4;
    .thread T_4;
    .scope S_0x7fffc5db2250;
T_5 ;
    %vpi_call 2 26 "$dumpfile", "uut.vcd" {0 0 0};
    %vpi_call 2 27 "$dumpvars", 32'sb00000000000000000000000000000000, S_0x7fffc5dafe60, v0x7fffc5de25f0_0, v0x7fffc5de2510_0, v0x7fffc5de26b0_0, v0x7fffc5de2780_0 {0 0 0};
    %pushi/vec4 0, 0, 4;
    %store/vec4 v0x7fffc5de25f0_0, 0, 4;
    %delay 5, 0;
    %pushi/vec4 1, 0, 1;
    %ix/load 4, 2, 0;
    %flag_set/imm 4, 0;
    %store/vec4 v0x7fffc5de25f0_0, 4, 1;
    %pushi/vec4 1, 0, 1;
    %ix/load 4, 1, 0;
    %flag_set/imm 4, 0;
    %store/vec4 v0x7fffc5de25f0_0, 4, 1;
    %delay 1, 0;
    %pushi/vec4 1, 0, 1;
    %ix/load 4, 3, 0;
    %flag_set/imm 4, 0;
    %store/vec4 v0x7fffc5de25f0_0, 4, 1;
    %delay 5, 0;
    %pushi/vec4 1, 0, 1;
    %ix/load 4, 0, 0;
    %flag_set/imm 4, 0;
    %store/vec4 v0x7fffc5de25f0_0, 4, 1;
    %delay 2, 0;
    %pushi/vec4 0, 0, 1;
    %ix/load 4, 2, 0;
    %flag_set/imm 4, 0;
    %store/vec4 v0x7fffc5de25f0_0, 4, 1;
    %pushi/vec4 0, 0, 1;
    %ix/load 4, 1, 0;
    %flag_set/imm 4, 0;
    %store/vec4 v0x7fffc5de25f0_0, 4, 1;
    %delay 1, 0;
    %pushi/vec4 0, 0, 1;
    %ix/load 4, 3, 0;
    %flag_set/imm 4, 0;
    %store/vec4 v0x7fffc5de25f0_0, 4, 1;
    %delay 5, 0;
    %pushi/vec4 0, 0, 1;
    %ix/load 4, 0, 0;
    %flag_set/imm 4, 0;
    %store/vec4 v0x7fffc5de25f0_0, 4, 1;
    %delay 9, 0;
    %pushi/vec4 1, 0, 1;
    %ix/load 4, 2, 0;
    %flag_set/imm 4, 0;
    %store/vec4 v0x7fffc5de25f0_0, 4, 1;
    %pushi/vec4 1, 0, 1;
    %ix/load 4, 1, 0;
    %flag_set/imm 4, 0;
    %store/vec4 v0x7fffc5de25f0_0, 4, 1;
    %pushi/vec4 1, 0, 1;
    %ix/load 4, 0, 0;
    %flag_set/imm 4, 0;
    %store/vec4 v0x7fffc5de25f0_0, 4, 1;
    %pushi/vec4 1, 0, 1;
    %ix/load 4, 3, 0;
    %flag_set/imm 4, 0;
    %store/vec4 v0x7fffc5de25f0_0, 4, 1;
    %delay 8, 0;
    %pushi/vec4 0, 0, 1;
    %ix/load 4, 3, 0;
    %flag_set/imm 4, 0;
    %store/vec4 v0x7fffc5de25f0_0, 4, 1;
    %pushi/vec4 0, 0, 1;
    %ix/load 4, 2, 0;
    %flag_set/imm 4, 0;
    %store/vec4 v0x7fffc5de25f0_0, 4, 1;
    %pushi/vec4 0, 0, 1;
    %ix/load 4, 0, 0;
    %flag_set/imm 4, 0;
    %store/vec4 v0x7fffc5de25f0_0, 4, 1;
    %pushi/vec4 0, 0, 1;
    %ix/load 4, 1, 0;
    %flag_set/imm 4, 0;
    %store/vec4 v0x7fffc5de25f0_0, 4, 1;
    %delay 15, 0;
    %pushi/vec4 1, 0, 1;
    %ix/load 4, 2, 0;
    %flag_set/imm 4, 0;
    %store/vec4 v0x7fffc5de25f0_0, 4, 1;
    %pushi/vec4 1, 0, 1;
    %ix/load 4, 3, 0;
    %flag_set/imm 4, 0;
    %store/vec4 v0x7fffc5de25f0_0, 4, 1;
    %delay 1, 0;
    %pushi/vec4 1, 0, 1;
    %ix/load 4, 1, 0;
    %flag_set/imm 4, 0;
    %store/vec4 v0x7fffc5de25f0_0, 4, 1;
    %delay 5, 0;
    %pushi/vec4 1, 0, 1;
    %ix/load 4, 0, 0;
    %flag_set/imm 4, 0;
    %store/vec4 v0x7fffc5de25f0_0, 4, 1;
    %delay 6, 0;
    %pushi/vec4 0, 0, 1;
    %ix/load 4, 2, 0;
    %flag_set/imm 4, 0;
    %store/vec4 v0x7fffc5de25f0_0, 4, 1;
    %pushi/vec4 0, 0, 1;
    %ix/load 4, 3, 0;
    %flag_set/imm 4, 0;
    %store/vec4 v0x7fffc5de25f0_0, 4, 1;
    %delay 1, 0;
    %pushi/vec4 0, 0, 1;
    %ix/load 4, 1, 0;
    %flag_set/imm 4, 0;
    %store/vec4 v0x7fffc5de25f0_0, 4, 1;
    %delay 5, 0;
    %pushi/vec4 0, 0, 1;
    %ix/load 4, 0, 0;
    %flag_set/imm 4, 0;
    %store/vec4 v0x7fffc5de25f0_0, 4, 1;
    %delay 10, 0;
    %pushi/vec4 0, 0, 4;
    %store/vec4 v0x7fffc5de25f0_0, 0, 4;
    %delay 100, 0;
    %vpi_call 2 70 "$finish" {0 0 0};
    %end;
    .thread T_5;
    .scope S_0x7fffc5db2250;
T_6 ;
    %pushi/vec4 0, 0, 1;
    %store/vec4 v0x7fffc5de2510_0, 0, 1;
T_6.0 ;
    %delay 1, 0;
    %load/vec4 v0x7fffc5de2510_0;
    %nor/r;
    %store/vec4 v0x7fffc5de2510_0, 0, 1;
    %jmp T_6.0;
    %end;
    .thread T_6;
    .scope S_0x7fffc5db2250;
T_7 ;
    %wait E_0x7fffc5d9a450;
    %load/vec4 v0x7fffc5de2850_0;
    %pushi/vec4 23, 0, 32;
    %mod/s;
    %assign/vec4 v0x7fffc5de2850_0, 0;
    %load/vec4 v0x7fffc5de2850_0;
    %cmpi/e 0, 0, 32;
    %jmp/0xz  T_7.0, 4;
    %pushi/vec4 1, 0, 1;
    %assign/vec4 v0x7fffc5de26b0_0, 0;
    %jmp T_7.1;
T_7.0 ;
    %pushi/vec4 0, 0, 1;
    %assign/vec4 v0x7fffc5de26b0_0, 0;
T_7.1 ;
    %load/vec4 v0x7fffc5de2850_0;
    %addi 1, 0, 32;
    %assign/vec4 v0x7fffc5de2850_0, 0;
    %jmp T_7;
    .thread T_7, $push;
# The file index is used to find the file name in the following table.
:file_names 3;
    "N/A";
    "<interactive>";
    "/tmp/tmpk1bt5h2m";
