#! /usr/bin/vvp
:ivl_version "10.1 (stable)";
:ivl_delay_selection "TYPICAL";
:vpi_time_precision + 0;
:vpi_module "system";
:vpi_module "vhdl_sys";
:vpi_module "v2005_math";
:vpi_module "va_math";
S_0x7fffeaa69e70 .scope module, "test_less_equal" "test_less_equal" 2 3;
 .timescale 0 0;
v0x7fffeaa8af00_0 .var "dut_aclk", 0 0;
v0x7fffeaa8b030_0 .var "dut_data_in", 0 0;
o0x7f6913a90258 .functor BUFZ 1, C4<z>; HiZ drive
v0x7fffeaa8b0f0_0 .net "dut_edge_out", 0 0, o0x7f6913a90258;  0 drivers
v0x7fffeaa8b1f0_0 .var "dut_grst", 0 0;
v0x7fffeaa8b2c0_0 .var "dut_inhibit_in", 0 0;
v0x7fffeaa8b3b0_0 .net "dut_out", 0 0, L_0x7fffeaa8ba80;  1 drivers
v0x7fffeaa8b480_0 .var "dut_pulse_in", 0 0;
v0x7fffeaa8b550_0 .var "dut_rst", 0 0;
v0x7fffeaa8b640_0 .var/i "i", 31 0;
E_0x7fffeaa5d200 .event edge, v0x7fffeaa6a430_0;
S_0x7fffeaa69ff0 .scope module, "dut" "less_equal" 2 18, 2 98 0, S_0x7fffeaa69e70;
 .timescale 0 0;
    .port_info 0 /INPUT 1 "data_in"
    .port_info 1 /INPUT 1 "inhibit_in"
    .port_info 2 /INPUT 1 "aclk"
    .port_info 3 /INPUT 1 "rst"
    .port_info 4 /OUTPUT 1 "out"
    .port_info 5 /INPUT 1 "pulse_in"
    .port_info 6 /INPUT 1 "grst"
    .port_info 7 /OUTPUT 1 "edge_out"
L_0x7fffeaa8b7e0 .functor NOT 1, v0x7fffeaa8b030_0, C4<0>, C4<0>, C4<0>;
L_0x7fffeaa8b8c0 .functor AND 1, L_0x7fffeaa8b7e0, v0x7fffeaa8b2c0_0, C4<1>, C4<1>;
L_0x7fffeaa8b9f0 .functor NOT 1, L_0x7fffeaa8b700, C4<0>, C4<0>, C4<0>;
L_0x7fffeaa8ba80 .functor AND 1, v0x7fffeaa8b030_0, L_0x7fffeaa8b9f0, C4<1>, C4<1>;
v0x7fffeaa8a3a0_0 .net *"_s0", 0 0, L_0x7fffeaa8b7e0;  1 drivers
v0x7fffeaa8a4a0_0 .net *"_s4", 0 0, L_0x7fffeaa8b9f0;  1 drivers
v0x7fffeaa8a580_0 .net "aclk", 0 0, v0x7fffeaa8af00_0;  1 drivers
v0x7fffeaa8a650_0 .net "data_in", 0 0, v0x7fffeaa8b030_0;  1 drivers
v0x7fffeaa8a710_0 .net "edge_out", 0 0, o0x7f6913a90258;  alias, 0 drivers
v0x7fffeaa8a840_0 .net "grst", 0 0, v0x7fffeaa8b1f0_0;  1 drivers
v0x7fffeaa8a920_0 .net "inhibit_in", 0 0, v0x7fffeaa8b2c0_0;  1 drivers
v0x7fffeaa8aa00_0 .net "out", 0 0, L_0x7fffeaa8ba80;  alias, 1 drivers
v0x7fffeaa8aae0_0 .net "pulse_in", 0 0, v0x7fffeaa8b480_0;  1 drivers
v0x7fffeaa8abc0_0 .net "rst", 0 0, v0x7fffeaa8b550_0;  1 drivers
v0x7fffeaa8ac80_0 .net "temp1", 0 0, L_0x7fffeaa8b8c0;  1 drivers
v0x7fffeaa8ad50_0 .net "temp2", 0 0, L_0x7fffeaa8b700;  1 drivers
S_0x7fffeaa6a240 .scope module, "pulse_inst" "pulse2edge" 2 114, 2 129 0, S_0x7fffeaa69ff0;
 .timescale 0 0;
    .port_info 0 /INPUT 1 "aclk"
    .port_info 1 /INPUT 1 "pulse_in"
    .port_info 2 /INPUT 1 "grst"
    .port_info 3 /OUTPUT 1 "edge_out"
L_0x7fffeaa8b700 .functor OR 1, L_0x7fffeaa8b8c0, v0x7fffeaa8a1f0_0, C4<0>, C4<0>;
v0x7fffeaa6a430_0 .net "aclk", 0 0, v0x7fffeaa8af00_0;  alias, 1 drivers
v0x7fffeaa89f70_0 .net "edge_out", 0 0, L_0x7fffeaa8b700;  alias, 1 drivers
v0x7fffeaa8a050_0 .net "grst", 0 0, v0x7fffeaa8b550_0;  alias, 1 drivers
v0x7fffeaa8a110_0 .net "pulse_in", 0 0, L_0x7fffeaa8b8c0;  alias, 1 drivers
v0x7fffeaa8a1f0_0 .var "temp", 0 0;
E_0x7fffeaa5c8a0 .event posedge, v0x7fffeaa8a050_0, v0x7fffeaa6a430_0;
    .scope S_0x7fffeaa6a240;
T_0 ;
    %wait E_0x7fffeaa5c8a0;
    %load/vec4 v0x7fffeaa8a050_0;
    %flag_set/vec4 8;
    %jmp/0xz  T_0.0, 8;
    %pushi/vec4 0, 0, 1;
    %assign/vec4 v0x7fffeaa8a1f0_0, 0;
    %jmp T_0.1;
T_0.0 ;
    %load/vec4 v0x7fffeaa89f70_0;
    %assign/vec4 v0x7fffeaa8a1f0_0, 0;
T_0.1 ;
    %jmp T_0;
    .thread T_0;
    .scope S_0x7fffeaa69e70;
T_1 ;
    %vpi_call 2 33 "$dumpfile", "uut.vcd" {0 0 0};
    %vpi_call 2 34 "$dumpvars", 32'sb00000000000000000000000000000000, S_0x7fffeaa69ff0, v0x7fffeaa8b030_0, v0x7fffeaa8b2c0_0, v0x7fffeaa8af00_0, v0x7fffeaa8b550_0, v0x7fffeaa8b3b0_0 {0 0 0};
    %pushi/vec4 0, 0, 1;
    %store/vec4 v0x7fffeaa8b030_0, 0, 1;
    %pushi/vec4 1, 0, 1;
    %store/vec4 v0x7fffeaa8b2c0_0, 0, 1;
    %delay 5, 0;
    %pushi/vec4 1, 0, 1;
    %store/vec4 v0x7fffeaa8b030_0, 0, 1;
    %delay 1, 0;
    %pushi/vec4 0, 0, 1;
    %store/vec4 v0x7fffeaa8b030_0, 0, 1;
    %delay 5, 0;
    %pushi/vec4 1, 0, 1;
    %store/vec4 v0x7fffeaa8b2c0_0, 0, 1;
    %delay 11, 0;
    %pushi/vec4 0, 0, 1;
    %store/vec4 v0x7fffeaa8b2c0_0, 0, 1;
    %delay 5, 0;
    %pushi/vec4 1, 0, 1;
    %store/vec4 v0x7fffeaa8b030_0, 0, 1;
    %delay 3, 0;
    %pushi/vec4 1, 0, 1;
    %store/vec4 v0x7fffeaa8b2c0_0, 0, 1;
    %delay 5, 0;
    %pushi/vec4 0, 0, 1;
    %store/vec4 v0x7fffeaa8b030_0, 0, 1;
    %delay 9, 0;
    %pushi/vec4 0, 0, 1;
    %store/vec4 v0x7fffeaa8b2c0_0, 0, 1;
    %delay 5, 0;
    %pushi/vec4 1, 0, 1;
    %store/vec4 v0x7fffeaa8b2c0_0, 0, 1;
    %delay 3, 0;
    %pushi/vec4 1, 0, 1;
    %store/vec4 v0x7fffeaa8b030_0, 0, 1;
    %delay 5, 0;
    %pushi/vec4 0, 0, 1;
    %store/vec4 v0x7fffeaa8b030_0, 0, 1;
    %delay 9, 0;
    %pushi/vec4 0, 0, 1;
    %store/vec4 v0x7fffeaa8b2c0_0, 0, 1;
    %delay 5, 0;
    %pushi/vec4 1, 0, 1;
    %store/vec4 v0x7fffeaa8b030_0, 0, 1;
    %pushi/vec4 1, 0, 1;
    %store/vec4 v0x7fffeaa8b2c0_0, 0, 1;
    %delay 8, 0;
    %pushi/vec4 0, 0, 1;
    %store/vec4 v0x7fffeaa8b030_0, 0, 1;
    %delay 9, 0;
    %pushi/vec4 0, 0, 1;
    %store/vec4 v0x7fffeaa8b2c0_0, 0, 1;
    %delay 10, 0;
    %pushi/vec4 0, 0, 1;
    %store/vec4 v0x7fffeaa8b030_0, 0, 1;
    %delay 100, 0;
    %vpi_call 2 71 "$finish" {0 0 0};
    %end;
    .thread T_1;
    .scope S_0x7fffeaa69e70;
T_2 ;
    %pushi/vec4 0, 0, 1;
    %store/vec4 v0x7fffeaa8af00_0, 0, 1;
T_2.0 ;
    %delay 1, 0;
    %load/vec4 v0x7fffeaa8af00_0;
    %nor/r;
    %store/vec4 v0x7fffeaa8af00_0, 0, 1;
    %jmp T_2.0;
    %end;
    .thread T_2;
    .scope S_0x7fffeaa69e70;
T_3 ;
    %wait E_0x7fffeaa5d200;
    %load/vec4 v0x7fffeaa8b640_0;
    %pushi/vec4 23, 0, 32;
    %mod/s;
    %store/vec4 v0x7fffeaa8b640_0, 0, 32;
    %load/vec4 v0x7fffeaa8b640_0;
    %cmpi/e 0, 0, 32;
    %jmp/0xz  T_3.0, 4;
    %pushi/vec4 1, 0, 1;
    %assign/vec4 v0x7fffeaa8b550_0, 0;
    %jmp T_3.1;
T_3.0 ;
    %pushi/vec4 0, 0, 1;
    %assign/vec4 v0x7fffeaa8b550_0, 0;
T_3.1 ;
    %load/vec4 v0x7fffeaa8b640_0;
    %addi 1, 0, 32;
    %store/vec4 v0x7fffeaa8b640_0, 0, 32;
    %jmp T_3;
    .thread T_3, $push;
# The file index is used to find the file name in the following table.
:file_names 3;
    "N/A";
    "<interactive>";
    "/tmp/tmpnet_ik3q";
