xrun(64): 19.03-s010: (c) Copyright 1995-2019 Cadence Design Systems, Inc.
TOOL:	xrun(64)	19.03-s010: Started on Aug 04, 2021 at 21:06:38 EDT
xrun
	-clean
	-nospecify
	-timescale 1ns/1ps
	-mess
	-access +rwc
	/afs/ece.cmu.edu/usr/pvellais/Private/tnngen/TNNGen/tnngen_core/out_rtl/test_less_equal.v
xrun: *N,CLEAN: Removing existing directory ./xcelium.d.
file: /afs/ece.cmu.edu/usr/pvellais/Private/tnngen/TNNGen/tnngen_core/out_rtl/test_less_equal.v
	module worklib.test_less_equal:v
		errors: 0, warnings: 0
	module worklib.less_equal:v
		errors: 0, warnings: 0
	module worklib.pulse2edge:v
		errors: 0, warnings: 0
		Caching library 'worklib' ....... Done
	Elaborating the design hierarchy:
	Top level design units:
		test_less_equal
	Building instance overlay tables: .................... Done
	Generating native compiled code:
		worklib.pulse2edge:v <0x37be9242>
			streams:   3, words:   639
		worklib.less_equal:v <0x627df5ea>
			streams:   0, words:     0
		worklib.test_less_equal:v <0x657ad9db>
			streams:  10, words:  8159
	Building instance specific data structures.
	Loading native compiled code:     .................... Done
	Design hierarchy summary:
		                 Instances  Unique
		Modules:                 3       3
		Registers:               8       8
		Scalar wires:           10       -
		Always blocks:           2       2
		Initial blocks:          2       2
		Cont. assignments:       1       3
		Pseudo assignments:      6       6
		Simulation timescale:  1ps
	Writing initial simulation snapshot: worklib.test_less_equal:v
Loading snapshot worklib.test_less_equal:v .................... Done
xcelium> source /afs/ece.cmu.edu/support/cds/share/image/usr/cds/xcelium-19.03.010/tools/xcelium/files/xmsimrc
xcelium> run
Simulation complete via $finish(1) at time 198 NS + 0
../out_rtl/test_less_equal.v:71     $finish;
xcelium> exit
TOOL:	xrun(64)	19.03-s010: Exiting on Aug 04, 2021 at 21:06:39 EDT  (total: 00:00:01)
